
> birthday@0.0.0 build
> vite build

[36mvite v8.0.11 [32mbuilding client environment for production...[36m[39m
[2K
transforming...Γ£ô 2805 modules transformed.
node.exe : [31mΓ£ù[39m Build failed in 695ms
At C:\Program Files\nodejs\npm.ps1:29 char:3
+   & $NODE_EXE $NPM_CLI_JS $args
+   ~~~~~~~~~~~~~~~~~~~~~~~~~~~~~
    + CategoryInfo          : NotSpecified: ([31mΓ£ù[39m Build failed in 695ms:String) [], RemoteException
    + FullyQualifiedErrorId : NativeCommandError
 
[31merror during build:
[31mBuild failed with 1 error:

[31m[builtin:vite-transform] Error:[0m Unexpected token. Did you mean `{'}'}` or `&rbrace;`?
     [38;5;246mΓò¡[0m[38;5;246mΓöÇ[0m[38;5;246m[[0m src/components/SceneGift.jsx:482:1 [38;5;246m][0m
     [38;5;246mΓöé[0m
 [38;5;246m482 Γöé[0m [38;5;249m}[0m[38;5;249m;[0m
 [38;5;240m    Γöé[0m Γöé 
 [38;5;240m    Γöé[0m Γò░ΓöÇ 
[38;5;246mΓöÇΓöÇΓöÇΓöÇΓöÇΓò»[0m
[31m
    at aggregateBindingErrorsIntoJsError 
(file:///C:/Users/Sasikumar/Documents/birthday/node_modules/rolldown/dist/shared/error-D4ASW9r2.mjs:48:18)
    at unwrapBindingResult 
(file:///C:/Users/Sasikumar/Documents/birthday/node_modules/rolldown/dist/shared/error-D4ASW9r2.mjs:18:128)
    at #build 
(file:///C:/Users/Sasikumar/Documents/birthday/node_modules/rolldown/dist/shared/rolldown-build-CorVA9v1.mjs:3255:34)
    at async buildEnvironment 
(file:///C:/Users/Sasikumar/Documents/birthday/node_modules/vite/dist/node/chunks/node.js:33033:64)
    at async Object.build 
(file:///C:/Users/Sasikumar/Documents/birthday/node_modules/vite/dist/node/chunks/node.js:33455:19)
    at async Object.buildApp 
(file:///C:/Users/Sasikumar/Documents/birthday/node_modules/vite/dist/node/chunks/node.js:33452:153)
    at async CAC.<anonymous> (file:///C:/Users/Sasikumar/Documents/birthday/node_modules/vite/dist/node/cli.js:778:3) {
  errors: [Getter/Setter]
}[39m
